{"level":"INFO","message":"[12:41:34.770 PM]: Creating new connection object"}
{"level":"INFO","message":"[12:41:34.782 PM]: Creating Connection[id: 98deb028-e181-4109-9183-9598c28cc3ae] with host: SG30480.AZURE_CENTRALINDIA.snowflakecomputing.com, account: SG30480, accessUrl: https://SG30480.AZURE_CENTRALINDIA.snowflakecomputing.com, user: ABDULRAHIMANNN, role: ACCOUNTADMIN, database: METRICMIND_DB, schema: ANALYTICS, warehouse: COMPUTE_WH, proxy was not configured, password is provided, region: AZURE_CENTRALINDIA, authenticator: SNOWFLAKE, ocsp mode: FAIL_OPEN, os: linux, os version: 6.18.33.2-microsoft-standard-WSL"}
{"level":"INFO","message":"[12:41:34.783 PM]: Connection[id: 98deb028-e181-4109-9183-9598c28cc3ae] additional details: passcode in password is provided, passcode is not provided, private key is not provided, application: undefined, client name: snowflake-sdk, client version: 2.4.0, retry timeout: 300, private key path: undefined, private key pass is not provided, client store temporary credential: false, browser response timeout: 120000"}
{"level":"INFO","message":"[12:41:34.783 PM]: Connection[id: 98deb028-e181-4109-9183-9598c28cc3ae] - connection object created successfully."}
{"level":"INFO","message":"[12:41:34.784 PM]: Connection[id: 98deb028-e181-4109-9183-9598c28cc3ae] - async connecting. Associated Snowflake domain: GLOBAL"}
{"level":"INFO","message":"[12:41:34.785 PM]: Trying to initialize Easy Logging"}
{"level":"INFO","message":"[12:41:34.788 PM]: No client config detected."}
{"level":"INFO","message":"[12:41:34.788 PM]: No config file path found. Client config will not be used."}
{"level":"INFO","message":"[12:41:34.788 PM]: Easy Logging is disabled as no config has been found"}
{"level":"INFO","message":"[12:41:34.789 PM]: Connection[id: 98deb028-e181-4109-9183-9598c28cc3ae] - authentication successful using: SNOWFLAKE"}
{"level":"ERROR","message":"[12:44:41.744 PM]: Connection[id: 98deb028-e181-4109-9183-9598c28cc3ae] - connection failed after 186974.52 milliseconds. Error: Hostname/IP does not match certificate's altnames: Host: sg30480.azure_centralindia.snowflakecomputing.com. is not in the cert's altnames: DNS:*.global.snowflakecomputing.com, DNS:*.privatelink.snowflakecomputing.com, DNS:*.prod3.us-west-2.aws.snowflakecomputing.com, DNS:*.prod3.us-west-2.snowflakecomputing.com, DNS:*.snowflakecomputing.com, DNS:*.us-west-2.aws.privatelink.snowflakecompu"}
{"level":"INFO","message":"[12:45:48.113 PM]: Creating new connection object"}
{"level":"INFO","message":"[12:45:48.123 PM]: Creating Connection[id: dd6c5e7a-7d8d-480c-ac81-8f43d7858bab] with host: SG30480.AZURE_CENTRALINDIA.snowflakecomputing.com, account: SG30480, accessUrl: https://SG30480.AZURE_CENTRALINDIA.snowflakecomputing.com, user: ABDULRAHIMANNN, role: ACCOUNTADMIN, database: METRICMIND_DB, schema: ANALYTICS, warehouse: COMPUTE_WH, proxy was not configured, password is provided, region: AZURE_CENTRALINDIA, authenticator: SNOWFLAKE, ocsp mode: FAIL_OPEN, os: linux, os version: 6.18.33.2-microsoft-standard-WSL"}
{"level":"INFO","message":"[12:45:48.123 PM]: Connection[id: dd6c5e7a-7d8d-480c-ac81-8f43d7858bab] additional details: passcode in password is provided, passcode is not provided, private key is not provided, application: undefined, client name: snowflake-sdk, client version: 2.4.0, retry timeout: 300, private key path: undefined, private key pass is not provided, client store temporary credential: false, browser response timeout: 120000"}
{"level":"INFO","message":"[12:45:48.124 PM]: Connection[id: dd6c5e7a-7d8d-480c-ac81-8f43d7858bab] - connection object created successfully."}
{"level":"INFO","message":"[12:45:48.125 PM]: Connection[id: dd6c5e7a-7d8d-480c-ac81-8f43d7858bab] - async connecting. Associated Snowflake domain: GLOBAL"}
{"level":"INFO","message":"[12:45:48.126 PM]: Trying to initialize Easy Logging"}
{"level":"INFO","message":"[12:45:48.130 PM]: No client config detected."}
{"level":"INFO","message":"[12:45:48.130 PM]: No config file path found. Client config will not be used."}
{"level":"INFO","message":"[12:45:48.130 PM]: Easy Logging is disabled as no config has been found"}
{"level":"INFO","message":"[12:45:48.131 PM]: Connection[id: dd6c5e7a-7d8d-480c-ac81-8f43d7858bab] - authentication successful using: SNOWFLAKE"}
{"level":"ERROR","message":"[12:49:15.803 PM]: Connection[id: dd6c5e7a-7d8d-480c-ac81-8f43d7858bab] - connection failed after 207695.65 milliseconds. Error: Hostname/IP does not match certificate's altnames: Host: sg30480.azure_centralindia.snowflakecomputing.com. is not in the cert's altnames: DNS:*.global.snowflakecomputing.com, DNS:*.privatelink.snowflakecomputing.com, DNS:*.prod3.us-west-2.aws.snowflakecomputing.com, DNS:*.prod3.us-west-2.snowflakecomputing.com, DNS:*.snowflakecomputing.com, DNS:*.us-west-2.aws.privatelink.snowflakecompu"}
